
> saas-factory-app@0.1.0 build
> next build

Ôû▓ Next.js 16.1.4 (Turbopack)
- Environments: .env.local

  Creating an optimized production build ...
node.exe : 
En línea: 1 Carácter: 1
+ & "C:\Program Files\nodejs/node.exe" "C:\Program 
Files\nodejs/node_mo ...
+ ~~~~~~~~~~~~~~~~~~~~~~~~~~~~~~~~~~~~~~~~~~~~~~~~~~~~~~~~
~~~~~~~~~~~~~
    + CategoryInfo          : NotSpecified: (:String) [], 
    RemoteException
    + FullyQualifiedErrorId : NativeCommandError
 
> Build error occurred
Error: Turbopack build failed with 1 errors:
./src/app/globals.css
Error evaluating Node.js code
CssSyntaxError: D:\PROYECTOS\EMPRENDIMIENTO\BC FABRIC 
SAS\APP\TASK\src\app\globals.css:138:9: @apply should not 
be used with the 'group' utility
    at Input.error 
(node_modules/postcss/lib/input.js:135:16) 
[D:\PROYECTOS\EMPRENDIMIENTO\BC FABRIC SAS\APP\TASK\.next\
build\chunks\node_modules_fe693df6._.js:4651:22]
    at AtRule.error 
(node_modules/postcss/lib/node.js:146:32) 
[D:\PROYECTOS\EMPRENDIMIENTO\BC FABRIC SAS\APP\TASK\.next\
build\chunks\node_modules_fe693df6._.js:928:38]
    [at processApply (D:\PROYECTOS\EMPRENDIMIENTO\BC 
FABRIC SAS\APP\TASK\node_modules\tailwindcss\lib\lib\expan
dApplyAtRules.js:377:29)]
    [at D:\PROYECTOS\EMPRENDIMIENTO\BC FABRIC SAS\APP\TASK
\node_modules\tailwindcss\lib\lib\expandApplyAtRules.js:55
1:9]
    [at D:\PROYECTOS\EMPRENDIMIENTO\BC FABRIC SAS\APP\TASK
\node_modules\tailwindcss\lib\processTailwindFeatures.js:5
5:50]
    [at async plugins (D:\PROYECTOS\EMPRENDIMIENTO\BC 
FABRIC SAS\APP\TASK\node_modules\tailwindcss\lib\plugin.js
:38:17)]
    at async LazyResult.runAsync 
(node_modules/postcss/lib/lazy-result.js:293:11) 
[D:\PROYECTOS\EMPRENDIMIENTO\BC FABRIC SAS\APP\TASK\.next\
build\chunks\node_modules_fe693df6._.js:6206:21]
    at async transform (turbopack:///[turbopack-node]/tran
sforms/postcss.ts:70:34) [D:\PROYECTOS\EMPRENDIMIENTO\BC 
FABRIC SAS\APP\TASK\.next\build\chunks\[root-of-the-server
]__6d51cb5d._.js:172:36]
    at async run 
(turbopack:///[turbopack-node]/ipc/evaluate.ts:92:23) 
[D:\PROYECTOS\EMPRENDIMIENTO\BC FABRIC SAS\APP\TASK\.next\
build\chunks\[root-of-the-server]__44695d76._.js:443:31]

Import trace:
  Client Component Browser:
    ./src/app/globals.css [Client Component Browser]
    ./src/app/layout.tsx [Server Component]


    at async transform (turbopack:///[turbopack-node]/tran
sforms/postcss.ts:70:34) [D:\PROYECTOS\EMPRENDIMIENTO\BC 
FABRIC SAS\APP\TASK\.next\build\chunks\[root-of-the-server
]__6d51cb5d._.js:172:36])
    at async run 
(turbopack:///[turbopack-node]/ipc/evaluate.ts:92:23) 
[D:\PROYECTOS\EMPRENDIMIENTO\BC FABRIC SAS\APP\TASK\.next\
build\chunks\[root-of-the-server]__44695d76._.js:443:31])
