
> saas-factory-app@0.1.0 build
> next build

Ôû▓ Next.js 16.1.4 (Turbopack)
- Environments: .env.local

  Creating an optimized production build ...
Ô£ô Compiled successfully in 9.1s
  Running TypeScript ...
node.exe : Failed to compile.
En línea: 1 Carácter: 1
+ & "C:\Program Files\nodejs/node.exe" 
"C:\Program Files\nodejs/node_mo ...
+ ~~~~~~~~~~~~~~~~~~~~~~~~~~~~~~~~~~~~~~~~~~~~~~~
~~~~~~~~~~~~~~~~~~~~~~
    + CategoryInfo          : NotSpecified: (Fai 
   led to compile.:String) [], RemoteException
    + FullyQualifiedErrorId : NativeCommandError
 

./src/features/projects/components/ProjectModal.t
sx:186:81
Type error: Argument of type '"general.budget"' 
is not assignable to parameter of type 
'"nav.dashboard" | "nav.projects" | "nav.tasks" 
| "nav.users" | "nav.entities" | "nav.finance" | 
"nav.inventory" | "nav.reports" | "nav.config" | 
"nav.logout" | "general.welcome" | ... 206 more 
... | "auth.signupError"'.

[0m [90m 184 |[39m
 [90m 185 |[39m                     
[33m<[39m[33mdiv[39m className[33m=[39m[32
m"space-y-1.5"[39m[33m>[39m
[31m[1m>[22m[39m[90m 186 |[39m             
            [33m<[39m[33mlabel[39m 
className[33m=[39m[32m"text-sm font-bold text-
foreground"[39m[33m>[39m{t([32m'general.budge
t'[39m)}[33m<[39m[33m/[39m[33mlabel[39m[3
3m>[39m
 [90m     |[39m                                
                                                 
[31m[1m^[22m[39m
 [90m 187 |[39m                         
[33m<[39m[33mdiv[39m 
className[33m=[39m[32m"relative 
group"[39m[33m>[39m
 [90m 188 |[39m                             
[33m<[39m[33mDollarSign[39m 
className[33m=[39m[32m"absolute left-3 
top-1/2 -translate-y-1/2 w-4 h-4 
text-muted-foreground 
group-focus-within:text-primary 
transition-colors"[39m [33m/[39m[33m>[39m
 [90m 189 |[39m                             
[33m<[39m[33minput[39m[0m
Next.js build worker exited with code: 1 and 
signal: null
